<?xml version="1.0" encoding="UTF-8"?><mappingRoot xmlns="http://www.ibm.com/2008/ccl/Mapping" domainID="com.ibm.msl.mapping.xml" domainIDExtension="mb" mainMap="true" targetNamespace="default" version="8.0.5.0" xmlns:map="default">
    <inlinedXMLSchema><![CDATA[<?xml version="1.0" encoding="UTF-8"?><xsd:schema xmlns:xsd="http://www.w3.org/2001/XMLSchema" xmlns:Q1="http://www.ibm.com/iib/msl/json">      
            <xsd:import namespace="http://www.ibm.com/iib/msl/json" schemaLocation="/swagger.json"/>   
        <xsd:element name="Data">  
    <xsd:complexType>  
      <xsd:sequence>  
        <xsd:element maxOccurs="unbounded" minOccurs="1" name="Products" type="Q1:Product"/>  
      </xsd:sequence>  
    </xsd:complexType>  
  </xsd:element>   
    <xsd:element name="offset" type="xsd:string"/>      
             <xsd:element name="rows" type="xsd:string"/>      
    <xsd:element name="orderProperty" type="xsd:string"/>      
    <xsd:element name="sortDirection" type="xsd:string"/> 
</xsd:schema>]]></inlinedXMLSchema>
    <input path="jar:file://!com/ibm/etools/mft/map/xsds/assembly/Environment.xsd" var="var7"/>
    <input path="jar:file://!com/ibm/etools/mft/map/xsds/predefined/BlobMessage.xsd" var="var"/>
    <input inlinedXMLSchema="true" path="../schema_0.xsd" var="var1"/>
    <input derivedFrom="MB:JSON_schema_in_json_file" path="/swagger.json" var="var2"/>
    <input derivedFrom="MB:JSON_schema_in_json_file" path="/swagger.json" var="var8"/>
    <output path="jar:file://!com/ibm/etools/mft/map/xsds/assembly/Environment.xsd" var="var9"/>
    <output path="jar:file://!com/ibm/etools/mft/map/xsds/predefined/JsonDomainMsg.xsd" var="var5"/>
    <output derivedFrom="MB:JSON_schema_in_swagger_document" path="/swagger.json" var="var6"/>
    <namespaces>
        <namespace kind="supplement" prefix="io" uri="http://www.ibm.com/iib/msl/json"/>
    </namespaces>
    <generation engine="xquery"/>
    <mappingDeclaration name="getProducts_Mapping">
        <input path="$var7/mb:env(Environment)" var="Environment">
            <cast castType="userDefined" path="$Environment/Variables/any" qualifier="Data" ref="var1" var="any"/>
        </input>
        <input derivedFrom="MB:JSON_operation_name:getProducts" path="$var/mb:msg(BLOB,assembly,BLOB,Properties,LocalEnvironment)" var="ComIbmMessageAssembly_BLOB">
            <cast derivedFrom="MB:JSON_path_query_parm:offset" path="$ComIbmMessageAssembly_BLOB/LocalEnvironment/REST/Input/Parameters/any" qualifier="offset" ref="var1" var="any1"/>
            <cast derivedFrom="MB:JSON_path_query_parm:rows" path="$ComIbmMessageAssembly_BLOB/LocalEnvironment/REST/Input/Parameters/any" qualifier="rows" ref="var1" var="any3"/>
            <cast derivedFrom="MB:JSON_path_query_parm:orderProperty" path="$ComIbmMessageAssembly_BLOB/LocalEnvironment/REST/Input/Parameters/any" qualifier="orderProperty" ref="var1" var="any4"/>
            <cast derivedFrom="MB:JSON_path_query_parm:sortDirection" path="$ComIbmMessageAssembly_BLOB/LocalEnvironment/REST/Input/Parameters/any" qualifier="sortDirection" ref="var1" var="any6"/>
        </input>
        <output path="$var9/mb:env(Environment)" var="Environment1">
            <cast castType="userDefined" path="$Environment1/Variables/any" qualifier="Data" ref="var1" var="any5"/>
        </output>
        <output namespace="http://www.ibm.com/iib/msl/json" path="$var5/mb:msg(JSON,assembly,JSON,Properties)" var="MessageAssembly">
            <cast derivedFrom="MB:JSON_operation_response" path="$MessageAssembly/JSON/Data/type('anyType')" qualifier="{http://www.ibm.com/iib/msl/json}JSONArray_Product" ref="var6" var="anyType"/>
        </output>
        <passthrough>
            <input path="$Environment/."/>
            <output path="$Environment1/."/>
            <updates>
                <move>
                    <input path="$Environment/Variables"/>
                    <output path="$Environment1/Variables"/>
                </move>
            </updates>
        </passthrough>
        <move>
            <input path="$ComIbmMessageAssembly_BLOB/Properties"/>
            <output path="$MessageAssembly/Properties"/>
        </move>
        <foreach>
            <input path="$Environment/Variables/Data[1]/Products"/>
            <output path="$MessageAssembly/JSON/spath('Data',2)/Item"/>
            <move automap="true">
                <input path="id"/>
                <output path="id"/>
            </move>
            <move automap="true">
                <input path="category"/>
                <output path="category"/>
            </move>
            <move automap="true">
                <input path="name"/>
                <output path="name"/>
            </move>
            <move automap="true">
                <input path="description"/>
                <output path="description"/>
            </move>
            <move automap="true">
                <input path="inventory"/>
                <output path="inventory"/>
            </move>
            <move automap="true">
                <input path="unitprice"/>
                <output path="unitprice"/>
            </move>
            <move automap="true">
                <input path="paymentoption"/>
                <output path="paymentoption"/>
            </move>
            <move automap="true">
                <input path="deliverymethod"/>
                <output path="deliverymethod"/>
            </move>
        </foreach>
    </mappingDeclaration>
</mappingRoot>